Archive member included to satisfy reference by file (symbol)

C:/ST/STM32CubeIDE_2.0.0/STM32CubeIDE/plugins/com.st.stm32cube.ide.mcu.externaltools.gnu-tools-for-stm32.14.3.rel1.win32_1.0.100.202602081740/tools/bin/../lib/gcc/arm-none-eabi/14.3.1/../../../../arm-none-eabi/lib/thumb/v7e-m/nofp\libc_nano.a(libc_a-exit.o)
                              C:/ST/STM32CubeIDE_2.0.0/STM32CubeIDE/plugins/com.st.stm32cube.ide.mcu.externaltools.gnu-tools-for-stm32.14.3.rel1.win32_1.0.100.202602081740/tools/bin/../lib/gcc/arm-none-eabi/14.3.1/../../../../arm-none-eabi/lib/thumb/v7e-m/nofp/crt0.o (exit)
C:/ST/STM32CubeIDE_2.0.0/STM32CubeIDE/plugins/com.st.stm32cube.ide.mcu.externaltools.gnu-tools-for-stm32.14.3.rel1.win32_1.0.100.202602081740/tools/bin/../lib/gcc/arm-none-eabi/14.3.1/../../../../arm-none-eabi/lib/thumb/v7e-m/nofp\libc_nano.a(libc_a-findfp.o)
                              C:/ST/STM32CubeIDE_2.0.0/STM32CubeIDE/plugins/com.st.stm32cube.ide.mcu.externaltools.gnu-tools-for-stm32.14.3.rel1.win32_1.0.100.202602081740/tools/bin/../lib/gcc/arm-none-eabi/14.3.1/../../../../arm-none-eabi/lib/thumb/v7e-m/nofp\libc_nano.a(libc_a-exit.o) (__stdio_exit_handler)
C:/ST/STM32CubeIDE_2.0.0/STM32CubeIDE/plugins/com.st.stm32cube.ide.mcu.externaltools.gnu-tools-for-stm32.14.3.rel1.win32_1.0.100.202602081740/tools/bin/../lib/gcc/arm-none-eabi/14.3.1/../../../../arm-none-eabi/lib/thumb/v7e-m/nofp\libc_nano.a(libc_a-fwalk.o)
                              C:/ST/STM32CubeIDE_2.0.0/STM32CubeIDE/plugins/com.st.stm32cube.ide.mcu.externaltools.gnu-tools-for-stm32.14.3.rel1.win32_1.0.100.202602081740/tools/bin/../lib/gcc/arm-none-eabi/14.3.1/../../../../arm-none-eabi/lib/thumb/v7e-m/nofp\libc_nano.a(libc_a-findfp.o) (_fwalk_sglue)
C:/ST/STM32CubeIDE_2.0.0/STM32CubeIDE/plugins/com.st.stm32cube.ide.mcu.externaltools.gnu-tools-for-stm32.14.3.rel1.win32_1.0.100.202602081740/tools/bin/../lib/gcc/arm-none-eabi/14.3.1/../../../../arm-none-eabi/lib/thumb/v7e-m/nofp\libc_nano.a(libc_a-stdio.o)
                              C:/ST/STM32CubeIDE_2.0.0/STM32CubeIDE/plugins/com.st.stm32cube.ide.mcu.externaltools.gnu-tools-for-stm32.14.3.rel1.win32_1.0.100.202602081740/tools/bin/../lib/gcc/arm-none-eabi/14.3.1/../../../../arm-none-eabi/lib/thumb/v7e-m/nofp\libc_nano.a(libc_a-findfp.o) (__sread)
C:/ST/STM32CubeIDE_2.0.0/STM32CubeIDE/plugins/com.st.stm32cube.ide.mcu.externaltools.gnu-tools-for-stm32.14.3.rel1.win32_1.0.100.202602081740/tools/bin/../lib/gcc/arm-none-eabi/14.3.1/../../../../arm-none-eabi/lib/thumb/v7e-m/nofp\libc_nano.a(libc_a-memset.o)
                              C:/ST/STM32CubeIDE_2.0.0/STM32CubeIDE/plugins/com.st.stm32cube.ide.mcu.externaltools.gnu-tools-for-stm32.14.3.rel1.win32_1.0.100.202602081740/tools/bin/../lib/gcc/arm-none-eabi/14.3.1/../../../../arm-none-eabi/lib/thumb/v7e-m/nofp/crt0.o (memset)
C:/ST/STM32CubeIDE_2.0.0/STM32CubeIDE/plugins/com.st.stm32cube.ide.mcu.externaltools.gnu-tools-for-stm32.14.3.rel1.win32_1.0.100.202602081740/tools/bin/../lib/gcc/arm-none-eabi/14.3.1/../../../../arm-none-eabi/lib/thumb/v7e-m/nofp\libc_nano.a(libc_a-closer.o)
                              C:/ST/STM32CubeIDE_2.0.0/STM32CubeIDE/plugins/com.st.stm32cube.ide.mcu.externaltools.gnu-tools-for-stm32.14.3.rel1.win32_1.0.100.202602081740/tools/bin/../lib/gcc/arm-none-eabi/14.3.1/../../../../arm-none-eabi/lib/thumb/v7e-m/nofp\libc_nano.a(libc_a-stdio.o) (_close_r)
C:/ST/STM32CubeIDE_2.0.0/STM32CubeIDE/plugins/com.st.stm32cube.ide.mcu.externaltools.gnu-tools-for-stm32.14.3.rel1.win32_1.0.100.202602081740/tools/bin/../lib/gcc/arm-none-eabi/14.3.1/../../../../arm-none-eabi/lib/thumb/v7e-m/nofp\libc_nano.a(libc_a-reent.o)
                              C:/ST/STM32CubeIDE_2.0.0/STM32CubeIDE/plugins/com.st.stm32cube.ide.mcu.externaltools.gnu-tools-for-stm32.14.3.rel1.win32_1.0.100.202602081740/tools/bin/../lib/gcc/arm-none-eabi/14.3.1/../../../../arm-none-eabi/lib/thumb/v7e-m/nofp\libc_nano.a(libc_a-closer.o) (errno)
C:/ST/STM32CubeIDE_2.0.0/STM32CubeIDE/plugins/com.st.stm32cube.ide.mcu.externaltools.gnu-tools-for-stm32.14.3.rel1.win32_1.0.100.202602081740/tools/bin/../lib/gcc/arm-none-eabi/14.3.1/../../../../arm-none-eabi/lib/thumb/v7e-m/nofp\libc_nano.a(libc_a-impure.o)
                              C:/ST/STM32CubeIDE_2.0.0/STM32CubeIDE/plugins/com.st.stm32cube.ide.mcu.externaltools.gnu-tools-for-stm32.14.3.rel1.win32_1.0.100.202602081740/tools/bin/../lib/gcc/arm-none-eabi/14.3.1/../../../../arm-none-eabi/lib/thumb/v7e-m/nofp\libc_nano.a(libc_a-reent.o) (_impure_ptr)
C:/ST/STM32CubeIDE_2.0.0/STM32CubeIDE/plugins/com.st.stm32cube.ide.mcu.externaltools.gnu-tools-for-stm32.14.3.rel1.win32_1.0.100.202602081740/tools/bin/../lib/gcc/arm-none-eabi/14.3.1/../../../../arm-none-eabi/lib/thumb/v7e-m/nofp\libc_nano.a(libc_a-lseekr.o)
[...]
Memory Configuration

Name             Origin             Length             Attributes
CCMRAM           0x10000000         0x00010000         xrw
RAM              0x20000000         0x00020000         xrw
FLASH            0x08000000         0x00100000         xr
*default*        0x00000000         0xffffffff

Linker script and memory map

LOAD C:/ST/STM32CubeIDE_2.0.0/STM32CubeIDE/plugins/com.st.stm32cube.ide.mcu.externaltools.gnu-tools-for-stm32.14.3.rel1.win32_1.0.100.202602081740/tools/bin/../lib/gcc/arm-none-eabi/14.3.1/thumb/v7e-m/nofp/crti.o
LOAD C:/ST/STM32CubeIDE_2.0.0/STM32CubeIDE/plugins/com.st.stm32cube.ide.mcu.externaltools.gnu-tools-for-stm32.14.3.rel1.win32_1.0.100.202602081740/tools/bin/../lib/gcc/arm-none-eabi/14.3.1/thumb/v7e-m/nofp/crtbegin.o
LOAD C:/ST/STM32CubeIDE_2.0.0/STM32CubeIDE/plugins/com.st.stm32cube.ide.mcu.externaltools.gnu-tools-for-stm32.14.3.rel1.win32_1.0.100.202602081740/tools/bin/../lib/gcc/arm-none-eabi/14.3.1/../../../../arm-none-eabi/lib/thumb/v7e-m/nofp/crt0.o
LOAD ./Application/app.o
LOAD ./Application/state_machine.o
LOAD ./Core/main.o
LOAD ./Core/system_init.o
LOAD ./Drivers/CMSIS/Device/ST/STM32F4xx/Source/Templates/system_stm32f4xx.o
LOAD ./Drivers/Src/gpio_drv.o
LOAD ./Drivers/Src/timer_drv.o
LOAD ./Src/syscalls.o
LOAD ./Src/sysmem.o
LOAD ./Startup/startup_stm32f407vgtx.o
START GROUP
LOAD C:/ST/STM32CubeIDE_2.0.0/STM32CubeIDE/plugins/com.st.stm32cube.ide.mcu.externaltools.gnu-tools-for-stm32.14.3.rel1.win32_1.0.100.202602081740/tools/bin/../lib/gcc/arm-none-eabi/14.3.1/../../../../arm-none-eabi/lib/thumb/v7e-m/nofp\libc_nano.a
LOAD C:/ST/STM32CubeIDE_2.0.0/STM32CubeIDE/plugins/com.st.stm32cube.ide.mcu.externaltools.gnu-tools-for-stm32.14.3.rel1.win32_1.0.100.202602081740/tools/bin/../lib/gcc/arm-none-eabi/14.3.1/../../../../arm-none-eabi/lib/thumb/v7e-m/nofp\libm.a
END GROUP
START GROUP
LOAD C:/ST/STM32CubeIDE_2.0.0/STM32CubeIDE/plugins/com.st.stm32cube.ide.mcu.externaltools.gnu-tools-for-stm32.14.3.rel1.win32_1.0.100.202602081740/tools/bin/../lib/gcc/arm-none-eabi/14.3.1/thumb/v7e-m/nofp\libgcc.a
LOAD C:/ST/STM32CubeIDE_2.0.0/STM32CubeIDE/plugins/com.st.stm32cube.ide.mcu.externaltools.gnu-tools-for-stm32.14.3.rel1.win32_1.0.100.202602081740/tools/bin/../lib/gcc/arm-none-eabi/14.3.1/../../../../arm-none-eabi/lib/thumb/v7e-m/nofp\libc_nano.a
END GROUP
START GROUP
LOAD C:/ST/STM32CubeIDE_2.0.0/STM32CubeIDE/plugins/com.st.stm32cube.ide.mcu.externaltools.gnu-tools-for-stm32.14.3.rel1.win32_1.0.100.202602081740/tools/bin/../lib/gcc/arm-none-eabi/14.3.1/thumb/v7e-m/nofp\libgcc.a
LOAD C:/ST/STM32CubeIDE_2.0.0/STM32CubeIDE/plugins/com.st.stm32cube.ide.mcu.externaltools.gnu-tools-for-stm32.14.3.rel1.win32_1.0.100.202602081740/tools/bin/../lib/gcc/arm-none-eabi/14.3.1/../../../../arm-none-eabi/lib/thumb/v7e-m/nofp\libc_nano.a
LOAD C:/ST/STM32CubeIDE_2.0.0/STM32CubeIDE/plugins/com.st.stm32cube.ide.mcu.externaltools.gnu-tools-for-stm32.14.3.rel1.win32_1.0.100.202602081740/tools/bin/../lib/gcc/arm-none-eabi/14.3.1/../../../../arm-none-eabi/lib/thumb/v7e-m/nofp\libnosys.a
END GROUP
START GROUP
LOAD C:/ST/STM32CubeIDE_2.0.0/STM32CubeIDE/plugins/com.st.stm32cube.ide.mcu.externaltools.gnu-tools-for-stm32.14.3.rel1.win32_1.0.100.202602081740/tools/bin/../lib/gcc/arm-none-eabi/14.3.1/thumb/v7e-m/nofp\libgcc.a
LOAD C:/ST/STM32CubeIDE_2.0.0/STM32CubeIDE/plugins/com.st.stm32cube.ide.mcu.externaltools.gnu-tools-for-stm32.14.3.rel1.win32_1.0.100.202602081740/tools/bin/../lib/gcc/arm-none-eabi/14.3.1/../../../../arm-none-eabi/lib/thumb/v7e-m/nofp\libc_nano.a
LOAD C:/ST/STM32CubeIDE_2.0.0/STM32CubeIDE/plugins/com.st.stm32cube.ide.mcu.externaltools.gnu-tools-for-stm32.14.3.rel1.win32_1.0.100.202602081740/tools/bin/../lib/gcc/arm-none-eabi/14.3.1/../../../../arm-none-eabi/lib/thumb/v7e-m/nofp\libnosys.a
END GROUP
LOAD C:/ST/STM32CubeIDE_2.0.0/STM32CubeIDE/plugins/com.st.stm32cube.ide.mcu.externaltools.gnu-tools-for-stm32.14.3.rel1.win32_1.0.100.202602081740/tools/bin/../lib/gcc/arm-none-eabi/14.3.1/thumb/v7e-m/nofp/crtend.o
LOAD C:/ST/STM32CubeIDE_2.0.0/STM32CubeIDE/plugins/com.st.stm32cube.ide.mcu.externaltools.gnu-tools-for-stm32.14.3.rel1.win32_1.0.100.202602081740/tools/bin/../lib/gcc/arm-none-eabi/14.3.1/thumb/v7e-m/nofp/crtn.o
                0x20020000                        _estack = (ORIGIN (RAM) + LENGTH (RAM))
                0x00000200                        _Min_Heap_Size = 0x200
                0x00000400                        _Min_Stack_Size = 0x400

.isr_vector     0x08000000      0x188
                0x08000000                        . = ALIGN (0x4)
 *(.isr_vector)
 .isr_vector    0x08000000      0x188 ./Startup/startup_stm32f407vgtx.o
                0x08000000                g_pfnVectors
                0x08000188                        . = ALIGN (0x4)

.text           0x08000188      0x48c
                0x08000188                        . = ALIGN (0x4)
 *(.text)
 .text          0x08000188       0x40 C:/ST/STM32CubeIDE_2.0.0/STM32CubeIDE/plugins/com.st.stm32cube.ide.mcu.externaltools.gnu-tools-for-stm32.14.3.rel1.win32_1.0.100.202602081740/tools/bin/../lib/gcc/arm-none-eabi/14.3.1/thumb/v7e-m/nofp/crtbegin.o
 *(.text*)
 .text.app_init
                0x080001c8        0xc ./Application/app.o
                0x080001c8                app_init
 .text.app_loop
                0x080001d4        0xc ./Application/app.o
                0x080001d4                app_loop
 .text.state_machine_init
                0x080001e0       0x20 ./Application/state_machine.o
                0x080001e0                state_machine_init
 .text.state_machine_run
                0x08000200       0x30 ./Application/state_machine.o
                0x08000200                state_machine_run
 .text.main     0x08000230       0x12 ./Core/main.o
                0x08000230                main
 .text.system_init
                0x08000242        0xc ./Core/system_init.o
                0x08000242                system_init
 .text.SystemInit
                0x0800024e        0xc ./Drivers/CMSIS/Device/ST/STM32F4xx/Source/Templates/system_stm32f4xx.o
                0x0800024e                SystemInit
 *fill*         0x0800025a        0x2 
 .text.gpio_regs
                0x0800025c       0x90 ./Drivers/Src/gpio_drv.o
 .text.gpio_clock_enable
                0x080002ec       0xcc ./Drivers/Src/gpio_drv.o
 .text.gpio_init_output
                0x080003b8       0x54 ./Drivers/Src/gpio_drv.o
                0x080003b8                gpio_init_output
 .text.__NVIC_EnableIRQ
                0x0800040c       0x38 ./Drivers/Src/timer_drv.o
 .text.timer2_init
                0x08000444       0x70 ./Drivers/Src/timer_drv.o
                0x08000444                timer2_init
 .text.TIM2_IRQHandler
                0x080004b4       0x30 ./Drivers/Src/timer_drv.o
                0x080004b4                TIM2_IRQHandler
 .text.timer_get_ticks
                0x080004e4       0x14 ./Drivers/Src/timer_drv.o
                0x080004e4                timer_get_ticks
 .text.timer_start
                0x080004f8       0x22 ./Drivers/Src/timer_drv.o
                0x080004f8                timer_start
 .text.timer_expired
                0x0800051a       0x2a ./Drivers/Src/timer_drv.o
                0x0800051a                timer_expired
 .text.timer_reset
                0x08000544       0x1a ./Drivers/Src/timer_drv.o
                0x08000544                timer_reset
 *fill*         0x0800055e        0x2 
 .text.Reset_Handler
                0x08000560       0x50 ./Startup/startup_stm32f407vgtx.o
                0x08000560                Reset_Handler
 .text.Default_Handler
                0x080005b0        0x2 ./Startup/startup_stm32f407vgtx.o
                0x080005b0                RTC_Alarm_IRQHandler
                0x080005b0                HASH_RNG_IRQHandler
                0x080005b0                EXTI2_IRQHandler
                0x080005b0                TIM8_CC_IRQHandler
                0x080005b0                DebugMon_Handler
                0x080005b0                TIM1_CC_IRQHandler
                0x080005b0                DMA2_Stream5_IRQHandler
                0x080005b0                HardFault_Handler
                0x080005b0                DMA1_Stream5_IRQHandler
                0x080005b0                SysTick_Handler
                0x080005b0                PVD_IRQHandler
                0x080005b0                SDIO_IRQHandler
                0x080005b0                TAMP_STAMP_IRQHandler
                0x080005b0                PendSV_Handler
                0x080005b0                NMI_Handler
                0x080005b0                CAN2_RX1_IRQHandler
                0x080005b0                EXTI3_IRQHandler
                0x080005b0                TIM8_TRG_COM_TIM14_IRQHandler
                0x080005b0                TIM1_UP_TIM10_IRQHandler
                0x080005b0                TIM8_UP_TIM13_IRQHandler
                0x080005b0                I2C3_ER_IRQHandler
                0x080005b0                EXTI0_IRQHandler
                0x080005b0                I2C2_EV_IRQHandler
                0x080005b0                DMA1_Stream2_IRQHandler
                0x080005b0                CAN1_RX0_IRQHandler
                0x080005b0                FPU_IRQHandler
                0x080005b0                OTG_HS_WKUP_IRQHandler
                0x080005b0                UsageFault_Handler
                0x080005b0                CAN2_SCE_IRQHandler
                0x080005b0                DMA2_Stream2_IRQHandler
                0x080005b0                SPI1_IRQHandler
                0x080005b0                TIM6_DAC_IRQHandler
                0x080005b0                TIM1_BRK_TIM9_IRQHandler
                0x080005b0                DCMI_IRQHandler
                0x080005b0                CAN2_RX0_IRQHandler
                0x080005b0                DMA2_Stream3_IRQHandler
                0x080005b0                USART6_IRQHandler
                0x080005b0                USART3_IRQHandler
                0x080005b0                CRYP_IRQHandler
                0x080005b0                CAN1_RX1_IRQHandler
                0x080005b0                UART5_IRQHandler
                0x080005b0                DMA2_Stream0_IRQHandler
                0x080005b0                TIM4_IRQHandler
                0x080005b0                I2C1_EV_IRQHandler
                0x080005b0                DMA1_Stream6_IRQHandler
                0x080005b0                DMA1_Stream1_IRQHandler
                0x080005b0                UART4_IRQHandler
                0x080005b0                TIM3_IRQHandler
                0x080005b0                RCC_IRQHandler
                0x080005b0                TIM8_BRK_TIM12_IRQHandler
                0x080005b0                Default_Handler
                0x080005b0                EXTI15_10_IRQHandler
                0x080005b0                ADC_IRQHandler
                0x080005b0                DMA1_Stream7_IRQHandler
                0x080005b0                TIM7_IRQHandler
                0x080005b0                CAN2_TX_IRQHandler
                0x080005b0                TIM5_IRQHandler
                0x080005b0                DMA2_Stream7_IRQHandler
                0x080005b0                I2C3_EV_IRQHandler
                0x080005b0                EXTI9_5_IRQHandler
                0x080005b0                RTC_WKUP_IRQHandler
                0x080005b0                ETH_WKUP_IRQHandler
                0x080005b0                SPI2_IRQHandler
                0x080005b0                OTG_HS_EP1_IN_IRQHandler
                0x080005b0                MemManage_Handler
                0x080005b0                DMA1_Stream0_IRQHandler
                0x080005b0                CAN1_TX_IRQHandler
                0x080005b0                SVC_Handler
                0x080005b0                EXTI4_IRQHandler
                0x080005b0                FSMC_IRQHandler
                0x080005b0                ETH_IRQHandler
                0x080005b0                OTG_HS_EP1_OUT_IRQHandler
                0x080005b0                WWDG_IRQHandler
                0x080005b0                OTG_FS_WKUP_IRQHandler
                0x080005b0                TIM1_TRG_COM_TIM11_IRQHandler
                0x080005b0                OTG_HS_IRQHandler
                0x080005b0                EXTI1_IRQHandler
                0x080005b0                USART2_IRQHandler
                0x080005b0                I2C2_ER_IRQHandler
                0x080005b0                DMA2_Stream1_IRQHandler
                0x080005b0                CAN1_SCE_IRQHandler
                0x080005b0                DMA2_Stream4_IRQHandler
                0x080005b0                BusFault_Handler
                0x080005b0                USART1_IRQHandler
                0x080005b0                OTG_FS_IRQHandler
                0x080005b0                SPI3_IRQHandler
                0x080005b0                DMA1_Stream4_IRQHandler
                0x080005b0                I2C1_ER_IRQHandler
                0x080005b0                DMA2_Stream6_IRQHandler
                0x080005b0                DMA1_Stream3_IRQHandler
 *fill*         0x080005b2        0x2 
 .text.__libc_init_array
                0x080005b4       0x48 C:/ST/STM32CubeIDE_2.0.0/STM32CubeIDE/plugins/com.st.stm32cube.ide.mcu.externaltools.gnu-tools-for-stm32.14.3.rel1.win32_1.0.100.202602081740/tools/bin/../lib/gcc/arm-none-eabi/14.3.1/../../../../arm-none-eabi/lib/thumb/v7e-m/nofp\libc_nano.a(libc_a-init.o)
                0x080005b4                __libc_init_array
 *(.glue_7)
 .glue_7        0x080005fc        0x0 linker stubs
 *(.glue_7t)
 .glue_7t       0x080005fc        0x0 linker stubs
 *(.eh_frame)
 .eh_frame      0x080005fc        0x0 C:/ST/STM32CubeIDE_2.0.0/STM32CubeIDE/plugins/com.st.stm32cube.ide.mcu.externaltools.gnu-tools-for-stm32.14.3.rel1.win32_1.0.100.202602081740/tools/bin/../lib/gcc/arm-none-eabi/14.3.1/thumb/v7e-m/nofp/crtbegin.o
 *(.init)
 .init          0x080005fc        0x4 C:/ST/STM32CubeIDE_2.0.0/STM32CubeIDE/plugins/com.st.stm32cube.ide.mcu.externaltools.gnu-tools-for-stm32.14.3.rel1.win32_1.0.100.202602081740/tools/bin/../lib/gcc/arm-none-eabi/14.3.1/thumb/v7e-m/nofp/crti.o
                0x080005fc                _init
 .init          0x08000600        0x8 C:/ST/STM32CubeIDE_2.0.0/STM32CubeIDE/plugins/com.st.stm32cube.ide.mcu.externaltools.gnu-tools-for-stm32.14.3.rel1.win32_1.0.100.202602081740/tools/bin/../lib/gcc/arm-none-eabi/14.3.1/thumb/v7e-m/nofp/crtn.o
 *(.fini)
 .fini          0x08000608        0x4 C:/ST/STM32CubeIDE_2.0.0/STM32CubeIDE/plugins/com.st.stm32cube.ide.mcu.externaltools.gnu-tools-for-stm32.14.3.rel1.win32_1.0.100.202602081740/tools/bin/../lib/gcc/arm-none-eabi/14.3.1/thumb/v7e-m/nofp/crti.o
                0x08000608                _fini
 .fini          0x0800060c        0x8 C:/ST/STM32CubeIDE_2.0.0/STM32CubeIDE/plugins/com.st.stm32cube.ide.mcu.externaltools.gnu-tools-for-stm32.14.3.rel1.win32_1.0.100.202602081740/tools/bin/../lib/gcc/arm-none-eabi/14.3.1/thumb/v7e-m/nofp/crtn.o
                0x08000614                        . = ALIGN (0x4)
                0x08000614                        _etext = .

.vfp11_veneer   0x08000614        0x0
 .vfp11_veneer  0x08000614        0x0 linker stubs

.v4_bx          0x08000614        0x0
 .v4_bx         0x08000614        0x0 linker stubs

.iplt           0x08000614        0x0
 .iplt          0x08000614        0x0 C:/ST/STM32CubeIDE_2.0.0/STM32CubeIDE/plugins/com.st.stm32cube.ide.mcu.externaltools.gnu-tools-for-stm32.14.3.rel1.win32_1.0.100.202602081740/tools/bin/../lib/gcc/arm-none-eabi/14.3.1/thumb/v7e-m/nofp/crtbegin.o

.rodata         0x08000614        0x0
                0x08000614                        . = ALIGN (0x4)
 *(.rodata)
 *(.rodata*)
                0x08000614                        . = ALIGN (0x4)

.ARM.extab      0x08000614        0x0
                0x08000614                        . = ALIGN (0x4)
 *(.ARM.extab* .gnu.linkonce.armextab.*)
                0x08000614                        . = ALIGN (0x4)

.ARM            0x08000614        0x0
                0x08000614                        . = ALIGN (0x4)
                0x08000614                        __exidx_start = .
 *(.ARM.exidx*)
                0x08000614                        __exidx_end = .
                0x08000614                        . = ALIGN (0x4)

.preinit_array  0x08000614        0x0
                0x08000614                        . = ALIGN (0x4)
                0x08000614                        PROVIDE (__preinit_array_start = .)
 *(.preinit_array*)
                0x08000614                        PROVIDE (__preinit_array_end = .)
                0x08000614                        . = ALIGN (0x4)

.init_array     0x08000614        0x4
                0x08000614                        . = ALIGN (0x4)
                0x08000614                        PROVIDE (__init_array_start = .)
 *(SORT_BY_NAME(.init_array.*))
 *(.init_array*)
 .init_array    0x08000614        0x4 C:/ST/STM32CubeIDE_2.0.0/STM32CubeIDE/plugins/com.st.stm32cube.ide.mcu.externaltools.gnu-tools-for-stm32.14.3.rel1.win32_1.0.100.202602081740/tools/bin/../lib/gcc/arm-none-eabi/14.3.1/thumb/v7e-m/nofp/crtbegin.o
                0x08000618                        PROVIDE (__init_array_end = .)
                0x08000618                        . = ALIGN (0x4)

.fini_array     0x08000618        0x4
                0x08000618                        . = ALIGN (0x4)
                [!provide]                        PROVIDE (__fini_array_start = .)
 *(SORT_BY_NAME(.fini_array.*))
 *(.fini_array*)
 .fini_array    0x08000618        0x4 C:/ST/STM32CubeIDE_2.0.0/STM32CubeIDE/plugins/com.st.stm32cube.ide.mcu.externaltools.gnu-tools-for-stm32.14.3.rel1.win32_1.0.100.202602081740/tools/bin/../lib/gcc/arm-none-eabi/14.3.1/thumb/v7e-m/nofp/crtbegin.o
                [!provide]                        PROVIDE (__fini_array_end = .)
                0x0800061c                        . = ALIGN (0x4)
                0x0800061c                        _sidata = LOADADDR (.data)

.rel.dyn        0x0800061c        0x0
 .rel.iplt      0x0800061c        0x0 C:/ST/STM32CubeIDE_2.0.0/STM32CubeIDE/plugins/com.st.stm32cube.ide.mcu.externaltools.gnu-tools-for-stm32.14.3.rel1.win32_1.0.100.202602081740/tools/bin/../lib/gcc/arm-none-eabi/14.3.1/thumb/v7e-m/nofp/crtbegin.o

.data           0x20000000        0x0 load address 0x0800061c
                0x20000000                        . = ALIGN (0x4)
                0x20000000                        _sdata = .
 *(.data)
 *(.data*)
 *(.RamFunc)
 *(.RamFunc*)
                0x20000000                        . = ALIGN (0x4)
                0x20000000                        _edata = .
                0x0800061c                        _siccmram = LOADADDR (.ccmram)

.igot.plt       0x20000000        0x0 load address 0x0800061c
 .igot.plt      0x20000000        0x0 C:/ST/STM32CubeIDE_2.0.0/STM32CubeIDE/plugins/com.st.stm32cube.ide.mcu.externaltools.gnu-tools-for-stm32.14.3.rel1.win32_1.0.100.202602081740/tools/bin/../lib/gcc/arm-none-eabi/14.3.1/thumb/v7e-m/nofp/crtbegin.o

.ccmram         0x10000000        0x0 load address 0x0800061c
                0x10000000                        . = ALIGN (0x4)
                0x10000000                        _sccmram = .
 *(.ccmram)
 *(.ccmram*)
                0x10000000                        . = ALIGN (0x4)
                0x10000000                        _eccmram = .
                0x10000000                        . = ALIGN (0x4)

.bss            0x20000000       0x28
                0x20000000                        _sbss = .
                0x20000000                        __bss_start__ = _sbss
 *(.bss)
 .bss           0x20000000       0x1c C:/ST/STM32CubeIDE_2.0.0/STM32CubeIDE/plugins/com.st.stm32cube.ide.mcu.externaltools.gnu-tools-for-stm32.14.3.rel1.win32_1.0.100.202602081740/tools/bin/../lib/gcc/arm-none-eabi/14.3.1/thumb/v7e-m/nofp/crtbegin.o
 *(.bss*)
 .bss.led_timer
                0x2000001c        0x8 ./Application/state_machine.o
 .bss.ms_ticks  0x20000024        0x4 ./Drivers/Src/timer_drv.o
 *(COMMON)
                0x20000028                        . = ALIGN (0x4)
                0x20000028                        _ebss = .
                0x20000028                        __bss_end__ = _ebss

._user_heap_stack
                0x20000028      0x600
                0x20000028                        . = ALIGN (0x8)
                [!provide]                        PROVIDE (end = .)
                0x20000028                        PROVIDE (_end = .)
                0x20000228                        . = (. + _Min_Heap_Size)
 *fill*         0x20000028      0x200 
                0x20000628                        . = (. + _Min_Stack_Size)
 *fill*         0x20000228      0x400 
                0x20000628                        . = ALIGN (0x8)

/DISCARD/
 libc.a(*)
 libm.a(*)
 libgcc.a(*)

.ARM.attributes
                0x00000000       0x2a
 *(.ARM.attributes)
 .ARM.attributes
                0x00000000       0x1e C:/ST/STM32CubeIDE_2.0.0/STM32CubeIDE/plugins/com.st.stm32cube.ide.mcu.externaltools.gnu-tools-for-stm32.14.3.rel1.win32_1.0.100.202602081740/tools/bin/../lib/gcc/arm-none-eabi/14.3.1/thumb/v7e-m/nofp/crti.o
 .ARM.attributes
                0x0000001e       0x2e C:/ST/STM32CubeIDE_2.0.0/STM32CubeIDE/plugins/com.st.stm32cube.ide.mcu.externaltools.gnu-tools-for-stm32.14.3.rel1.win32_1.0.100.202602081740/tools/bin/../lib/gcc/arm-none-eabi/14.3.1/thumb/v7e-m/nofp/crtbegin.o
 .ARM.attributes
                0x0000004c       0x2e ./Application/app.o
 .ARM.attributes
                0x0000007a       0x2e ./Application/state_machine.o
 .ARM.attributes
                0x000000a8       0x2e ./Core/main.o
 .ARM.attributes
                0x000000d6       0x2e ./Core/system_init.o
 .ARM.attributes
                0x00000104       0x2e ./Drivers/CMSIS/Device/ST/STM32F4xx/Source/Templates/system_stm32f4xx.o
 .ARM.attributes
                0x00000132       0x2e ./Drivers/Src/gpio_drv.o
 .ARM.attributes
                0x00000160       0x2e ./Drivers/Src/timer_drv.o
 .ARM.attributes
                0x0000018e       0x21 ./Startup/startup_stm32f407vgtx.o
 .ARM.attributes
                0x000001af       0x2e C:/ST/STM32CubeIDE_2.0.0/STM32CubeIDE/plugins/com.st.stm32cube.ide.mcu.externaltools.gnu-tools-for-stm32.14.3.rel1.win32_1.0.100.202602081740/tools/bin/../lib/gcc/arm-none-eabi/14.3.1/../../../../arm-none-eabi/lib/thumb/v7e-m/nofp\libc_nano.a(libc_a-init.o)
 .ARM.attributes
                0x000001dd       0x1e C:/ST/STM32CubeIDE_2.0.0/STM32CubeIDE/plugins/com.st.stm32cube.ide.mcu.externaltools.gnu-tools-for-stm32.14.3.rel1.win32_1.0.100.202602081740/tools/bin/../lib/gcc/arm-none-eabi/14.3.1/thumb/v7e-m/nofp/crtn.o
OUTPUT(AECN.elf elf32-littlearm)
LOAD linker stubs
LOAD C:/ST/STM32CubeIDE_2.0.0/STM32CubeIDE/plugins/com.st.stm32cube.ide.mcu.externaltools.gnu-tools-for-stm32.14.3.rel1.win32_1.0.100.202602081740/tools/bin/../lib/gcc/arm-none-eabi/14.3.1/../../../../arm-none-eabi/lib/thumb/v7e-m/nofp\libc.a
LOAD C:/ST/STM32CubeIDE_2.0.0/STM32CubeIDE/plugins/com.st.stm32cube.ide.mcu.externaltools.gnu-tools-for-stm32.14.3.rel1.win32_1.0.100.202602081740/tools/bin/../lib/gcc/arm-none-eabi/14.3.1/../../../../arm-none-eabi/lib/thumb/v7e-m/nofp\libm.a
LOAD C:/ST/STM32CubeIDE_2.0.0/STM32CubeIDE/plugins/com.st.stm32cube.ide.mcu.externaltools.gnu-tools-for-stm32.14.3.rel1.win32_1.0.100.202602081740/tools/bin/../lib/gcc/arm-none-eabi/14.3.1/thumb/v7e-m/nofp\libgcc.a

.debug_info     0x00000000     0x117e
 .debug_info    0x00000000       0x57 ./Application/app.o
 .debug_info    0x00000057      0x247 ./Application/state_machine.o
 .debug_info    0x0000029e       0x9c ./Core/main.o
 .debug_info    0x0000033a       0x8b ./Core/system_init.o
 .debug_info    0x000003c5      0x318 ./Drivers/CMSIS/Device/ST/STM32F4xx/Source/Templates/system_stm32f4xx.o
 .debug_info    0x000006dd      0x251 ./Drivers/Src/gpio_drv.o
 .debug_info    0x0000092e      0x820 ./Drivers/Src/timer_drv.o
 .debug_info    0x0000114e       0x30 ./Startup/startup_stm32f407vgtx.o

.debug_abbrev   0x00000000      0x6a2
 .debug_abbrev  0x00000000       0x46 ./Application/app.o
 .debug_abbrev  0x00000046      0x13f ./Application/state_machine.o
 .debug_abbrev  0x00000185       0x5b ./Core/main.o
 .debug_abbrev  0x000001e0       0x58 ./Core/system_init.o
 .debug_abbrev  0x00000238      0x11c ./Drivers/CMSIS/Device/ST/STM32F4xx/Source/Templates/system_stm32f4xx.o
 .debug_abbrev  0x00000354      0x134 ./Drivers/Src/gpio_drv.o
 .debug_abbrev  0x00000488      0x1f6 ./Drivers/Src/timer_drv.o
 .debug_abbrev  0x0000067e       0x24 ./Startup/startup_stm32f407vgtx.o

.debug_aranges  0x00000000      0x168
 .debug_aranges
                0x00000000       0x28 ./Application/app.o
 .debug_aranges
                0x00000028       0x28 ./Application/state_machine.o
 .debug_aranges
                0x00000050       0x20 ./Core/main.o
 .debug_aranges
                0x00000070       0x20 ./Core/system_init.o
 .debug_aranges
                0x00000090       0x28 ./Drivers/CMSIS/Device/ST/STM32F4xx/Source/Templates/system_stm32f4xx.o
 .debug_aranges
                0x000000b8       0x38 ./Drivers/Src/gpio_drv.o
 .debug_aranges
                0x000000f0       0x50 ./Drivers/Src/timer_drv.o
 .debug_aranges
                0x00000140       0x28 ./Startup/startup_stm32f407vgtx.o

.debug_rnglists
                0x00000000       0xe9
 .debug_rnglists
                0x00000000       0x19 ./Application/app.o
 .debug_rnglists
                0x00000019       0x19 ./Application/state_machine.o
 .debug_rnglists
                0x00000032       0x13 ./Core/main.o
 .debug_rnglists
                0x00000045       0x13 ./Core/system_init.o
 .debug_rnglists
                0x00000058       0x1a ./Drivers/CMSIS/Device/ST/STM32F4xx/Source/Templates/system_stm32f4xx.o
 .debug_rnglists
                0x00000072       0x27 ./Drivers/Src/gpio_drv.o
 .debug_rnglists
                0x00000099       0x37 ./Drivers/Src/timer_drv.o
 .debug_rnglists
                0x000000d0       0x19 ./Startup/startup_stm32f407vgtx.o

.debug_macro    0x00000000    0x1868d
 .debug_macro   0x00000000       0x24 ./Application/app.o
 .debug_macro   0x00000024      0xade ./Application/app.o
 .debug_macro   0x00000b02       0x10 ./Application/app.o
 .debug_macro   0x00000b12       0xf0 ./Application/state_machine.o
 .debug_macro   0x00000c02       0x22 ./Application/state_machine.o
 .debug_macro   0x00000c24       0x8e ./Application/state_machine.o
 .debug_macro   0x00000cb2       0x51 ./Application/state_machine.o
 .debug_macro   0x00000d03      0x103 ./Application/state_machine.o
 .debug_macro   0x00000e06       0x6a ./Application/state_machine.o
 .debug_macro   0x00000e70      0x1df ./Application/state_machine.o
 .debug_macro   0x0000104f       0x28 ./Application/state_machine.o
 .debug_macro   0x00001077       0x2f ./Application/state_machine.o
 .debug_macro   0x000010a6       0x1c ./Application/state_machine.o
 .debug_macro   0x000010c2       0x22 ./Application/state_machine.o
 .debug_macro   0x000010e4       0xfb ./Application/state_machine.o
 .debug_macro   0x000011df     0x1011 ./Application/state_machine.o
 .debug_macro   0x000021f0      0x11f ./Application/state_machine.o
 .debug_macro   0x0000230f    0x15e97 ./Application/state_machine.o
 .debug_macro   0x000181a6       0x6d ./Application/state_machine.o
 .debug_macro   0x00018213       0xa6 ./Application/state_machine.o
 .debug_macro   0x000182b9       0xdd ./Core/main.o
 .debug_macro   0x00018396       0x77 ./Core/system_init.o
 .debug_macro   0x0001840d       0xda ./Drivers/CMSIS/Device/ST/STM32F4xx/Source/Templates/system_stm32f4xx.o
 .debug_macro   0x000184e7       0xdd ./Drivers/Src/gpio_drv.o
 .debug_macro   0x000185c4       0xc9 ./Drivers/Src/timer_drv.o

.debug_line     0x00000000     0x251a
 .debug_line    0x00000000       0x86 ./Application/app.o
 .debug_line    0x00000086      0x619 ./Application/state_machine.o
 .debug_line    0x0000069f      0x5d5 ./Core/main.o
 .debug_line    0x00000c74      0x487 ./Core/system_init.o
 .debug_line    0x000010fb      0x622 ./Drivers/CMSIS/Device/ST/STM32F4xx/Source/Templates/system_stm32f4xx.o
 .debug_line    0x0000171d      0x696 ./Drivers/Src/gpio_drv.o
 .debug_line    0x00001db3      0x6ec ./Drivers/Src/timer_drv.o
 .debug_line    0x0000249f       0x7b ./Startup/startup_stm32f407vgtx.o

.debug_str      0x00000000    0x88f05
 .debug_str     0x00000000    0x88f05 ./Application/app.o
                               0x2ec9 (size before relaxing)
 .debug_str     0x00088f05    0x887cc ./Application/state_machine.o
 .debug_str     0x00088f05    0x87cfd ./Core/main.o
 .debug_str     0x00088f05     0x3dba ./Core/system_init.o
 .debug_str     0x00088f05    0x885d8 ./Drivers/CMSIS/Device/ST/STM32F4xx/Source/Templates/system_stm32f4xx.o
 .debug_str     0x00088f05    0x88761 ./Drivers/Src/gpio_drv.o
 .debug_str     0x00088f05    0x883fc ./Drivers/Src/timer_drv.o
 .debug_str     0x00088f05       0x89 ./Startup/startup_stm32f407vgtx.o

.comment        0x00000000       0x43
 .comment       0x00000000       0x43 ./Application/app.o
                                 0x44 (size before relaxing)
 .comment       0x00000043       0x44 ./Application/state_machine.o
 .comment       0x00000043       0x44 ./Core/main.o
 .comment       0x00000043       0x44 ./Core/system_init.o
 .comment       0x00000043       0x44 ./Drivers/CMSIS/Device/ST/STM32F4xx/Source/Templates/system_stm32f4xx.o
 .comment       0x00000043       0x44 ./Drivers/Src/gpio_drv.o
 .comment       0x00000043       0x44 ./Drivers/Src/timer_drv.o

.debug_frame    0x00000000      0x2f8
 .debug_frame   0x00000000       0x48 ./Application/app.o
 .debug_frame   0x00000048       0x48 ./Application/state_machine.o
 .debug_frame   0x00000090       0x2c ./Core/main.o
 .debug_frame   0x000000bc       0x2c ./Core/system_init.o
 .debug_frame   0x000000e8       0x50 ./Drivers/CMSIS/Device/ST/STM32F4xx/Source/Templates/system_stm32f4xx.o
 .debug_frame   0x00000138       0xa0 ./Drivers/Src/gpio_drv.o
 .debug_frame   0x000001d8       0xf4 ./Drivers/Src/timer_drv.o
 .debug_frame   0x000002cc       0x2c C:/ST/STM32CubeIDE_2.0.0/STM32CubeIDE/plugins/com.st.stm32cube.ide.mcu.externaltools.gnu-tools-for-stm32.14.3.rel1.win32_1.0.100.202602081740/tools/bin/../lib/gcc/arm-none-eabi/14.3.1/../../../../arm-none-eabi/lib/thumb/v7e-m/nofp\libc_nano.a(libc_a-init.o)

.debug_line_str
                0x00000000       0x6d
 .debug_line_str
                0x00000000       0x6d ./Startup/startup_stm32f407vgtx.o
